../Core/Src/main.c:106:5:main	64	static
../Core/Src/main.c:192:6:SystemClock_Config	96	static
../Core/Src/main.c:253:13:MX_I2C1_Init	8	static
../Core/Src/main.c:301:13:MX_LPUART1_UART_Init	8	static
../Core/Src/main.c:335:13:MX_TIM2_Init	56	static
../Core/Src/main.c:384:13:MX_TIM5_Init	64	static
../Core/Src/main.c:444:13:MX_TIM6_Init	24	static
../Core/Src/main.c:483:13:MX_USB_OTG_FS_PCD_Init	8	static
../Core/Src/main.c:518:13:MX_GPIO_Init	56	static
../Core/Src/main.c:595:6:Handle_YK04	8	static
../Core/Src/main.c:627:6:HAL_TIM_PeriodElapsedCallback	48	static
../Core/Src/main.c:704:6:HAL_UART_RxCpltCallback	16	static
../Core/Src/main.c:746:6:Error_Handler	4	static,ignoring_inline_asm
