../Core/Src/main.c:103:5:main	64	static
../Core/Src/main.c:189:6:SystemClock_Config	96	static
../Core/Src/main.c:250:13:MX_I2C1_Init	8	static
../Core/Src/main.c:298:13:MX_LPUART1_UART_Init	8	static
../Core/Src/main.c:332:13:MX_TIM2_Init	56	static
../Core/Src/main.c:381:13:MX_TIM5_Init	64	static
../Core/Src/main.c:441:13:MX_TIM6_Init	24	static
../Core/Src/main.c:480:13:MX_USB_OTG_FS_PCD_Init	8	static
../Core/Src/main.c:515:13:MX_GPIO_Init	56	static
../Core/Src/main.c:592:6:Handle_YK04	8	static
../Core/Src/main.c:620:6:HAL_TIM_PeriodElapsedCallback	48	static
../Core/Src/main.c:685:6:HAL_UART_RxCpltCallback	16	static
../Core/Src/main.c:713:6:Error_Handler	4	static,ignoring_inline_asm
